\BOOKMARK [1][-]{section.1}{\376\377\000I\000n\000t\000r\000o\000d\000u\000k\000t\000i\000o\000n}{}% 1
\BOOKMARK [2][-]{subsection.2}{\376\377\000B\000a\000g\000g\000r\000u\000n\000d\000\040\000o\000g\000\040\000m\000o\000t\000i\000v\000a\000t\000i\000o\000n}{section.1}% 2
\BOOKMARK [2][-]{subsection.3}{\376\377\000F\000o\000r\000m\000\345\000l\000\040\000o\000g\000\040\000f\000o\000r\000s\000k\000n\000i\000n\000g\000s\000s\000p\000\370\000r\000g\000s\000m\000\345\000l}{section.1}% 3
\BOOKMARK [1][-]{section.8}{\376\377\000M\000e\000t\000o\000d\000e}{}% 4
\BOOKMARK [2][-]{subsection.9}{\376\377\000A\000p\000p\000r\000o\000k\000s\000i\000m\000a\000t\000i\000o\000n\000\040\000a\000f\000\040\000P\000D\000E\000'\000e\000r\000\040\000m\000e\000d\000\040\000n\000e\000u\000r\000a\000l\000e\000\040\000n\000e\000t\000v\000\346\000r\000k}{section.8}% 5
\BOOKMARK [3][-]{subsubsection.14}{\376\377\000H\000\345\000r\000d\000e\000\040\000b\000e\000g\000r\000\346\000n\000s\000n\000i\000n\000g\000e\000r\000\040\000f\000o\000r\000\040\000r\000a\000n\000d\000b\000e\000t\000i\000n\000g\000e\000l\000s\000e\000r}{subsection.9}% 6
\BOOKMARK [3][-]{subsubsection.17}{\376\377\000F\000y\000s\000i\000k\000\040\000i\000n\000f\000o\000r\000m\000e\000r\000e\000d\000e\000\040\000n\000e\000u\000r\000a\000l\000e\000\040\000n\000e\000t\000v\000\346\000r\000k\000\040\000o\000g\000\040\000b\000l\000\370\000d\000e\000\040\000b\000e\000g\000r\000\346\000n\000s\000n\000i\000n\000g\000e\000r}{subsection.9}% 7
\BOOKMARK [3][-]{subsubsection.23}{\376\377\000V\000a\000l\000g\000\040\000a\000f\000\040\000r\000a\000n\000d\000\040\000b\000e\000g\000r\000\346\000n\000s\000n\000i\000n\000g}{subsection.9}% 8
\BOOKMARK [2][-]{subsection.25}{\376\377\000F\000y\000s\000i\000k\000k\000e\000n\000\040\000b\000a\000g\000\040\000H\000E\000S\000E\000L\000\040\000m\000o\000d\000e\000l\000l\000e\000n}{section.8}% 9
\BOOKMARK [3][-]{subsubsection.26}{\376\377\000B\000r\000a\000g\000i\000n\000s\000k\000i\000i\000'\000s\000\040\000f\000l\000u\000i\000d\000l\000i\000g\000n\000i\000n\000g\000e\000r}{subsection.25}% 10
\BOOKMARK [3][-]{subsubsection.43}{\376\377\000H\000E\000S\000E\000L\000\040\000m\000o\000d\000e\000l\000l\000e\000n}{subsection.25}% 11
\BOOKMARK [2][-]{subsection.85}{\376\377\000N\000u\000m\000e\000r\000i\000s\000k\000e\000\040\000m\000e\000t\000o\000d\000e\000r}{section.8}% 12
\BOOKMARK [3][-]{subsubsection.87}{\376\377\000R\000u\000m\000l\000i\000g\000\040\000d\000i\000s\000k\000r\000e\000t\000i\000s\000e\000r\000i\000n\000g}{subsection.85}% 13
\BOOKMARK [3][-]{subsubsection.88}{\376\377\000N\000u\000m\000e\000r\000i\000s\000k\000e\000\040\000d\000i\000f\000f\000e\000r\000e\000n\000t\000i\000a\000l\000o\000p\000e\000r\000a\000t\000o\000r\000e\000r}{subsection.85}% 14
\BOOKMARK [3][-]{subsubsection.92}{\376\377\000T\000i\000d\000s\000i\000n\000t\000e\000g\000r\000a\000t\000i\000o\000n}{subsection.85}% 15
\BOOKMARK [2][-]{subsection.94}{\376\377\000T\000i\000l\000g\000a\000n\000g\000\040\000t\000i\000l\000\040\000e\000k\000s\000p\000e\000r\000i\000m\000e\000n\000t}{section.8}% 16
\BOOKMARK [1][-]{section.95}{\376\377\000I\000m\000p\000l\000e\000m\000e\000n\000t\000e\000r\000i\000n\000g}{}% 17
\BOOKMARK [2][-]{subsection.96}{\376\377\000O\000v\000e\000r\000o\000r\000d\000n\000e\000t\000\040\000s\000t\000r\000u\000k\000t\000u\000r}{section.95}% 18
\BOOKMARK [2][-]{subsection.97}{\376\377\000D\000a\000t\000a\000h\000\345\000n\000d\000t\000e\000r\000i\000n\000g}{section.95}% 19
\BOOKMARK [2][-]{subsection.98}{\376\377\000M\000o\000d\000e\000l\000i\000m\000p\000l\000i\000m\000e\000n\000t\000e\000r\000i\000n\000g}{section.95}% 20
\BOOKMARK [1][-]{section.99}{\376\377\000D\000a\000t\000a\000\040\000o\000g\000\040\000e\000k\000s\000p\000e\000r\000i\000e\000m\000e\000n\000t}{}% 21
\BOOKMARK [2][-]{subsection.100}{\376\377\000O\000p\000s\000\346\000t\000n\000i\000n\000g\000\040\000o\000g\000\040\000g\000e\000n\000e\000r\000e\000r\000i\000n\000g\000\040\000a\000f\000\040\000d\000a\000t\000a}{section.99}% 22
\BOOKMARK [3][-]{subsubsection.101}{\376\377\000B\000O\000U\000T\000\040\000o\000p\000s\000\346\000t\000n\000i\000n\000g}{subsection.100}% 23
\BOOKMARK [3][-]{subsubsection.102}{\376\377\000D\000a\000t\000a\000\040\000g\000e\000n\000e\000r\000a\000r\000i\000n\000g}{subsection.100}% 24
\BOOKMARK [3][-]{subsubsection.104}{\376\377\000D\000a\000t\000a\000\040\000v\000i\000s\000u\000a\000l\000i\000s\000e\000r\000i\000n\000g}{subsection.100}% 25
\BOOKMARK [3][-]{subsubsection.107}{\376\377\000O\000p\000d\000e\000l\000i\000n\000g\000\040\000a\000f\000\040\000d\000a\000t\000a\000\040\000t\000i\000l\000\040\000e\000k\000s\000p\000e\000r\000i\000m\000e\000n\000t}{subsection.100}% 26
\BOOKMARK [3][-]{subsubsection.108}{\376\377\000D\000o\000m\000\346\000n\000e\000\040\000f\000o\000r\000\040\000m\000o\000d\000e\000l\000a\000r\000k\000i\000t\000e\000k\000t\000u\000r}{subsection.100}% 27
\BOOKMARK [1][-]{section.109}{\376\377\000R\000e\000s\000u\000l\000t\000a\000t\000e\000r\000\040\000o\000g\000\040\000d\000i\000s\000k\000u\000t\000i\000o\000n}{}% 28
\BOOKMARK [2][-]{subsection.110}{\376\377\000U\000d\000f\000o\000r\000s\000k\000n\000i\000n\000g\000\040\000a\000f\000\040\000m\000o\000d\000e\000l\000a\000r\000k\000i\000t\000e\000k\000t\000u\000r\000\040\000o\000g\000\040\000h\000y\000p\000e\000r\000p\000a\000r\000a\000m\000e\000t\000r\000e}{section.109}% 29
\BOOKMARK [3][-]{subsubsection.128}{\376\377\000M\000o\000d\000e\000l\000\040\000a\000r\000k\000i\000t\000e\000k\000t\000u\000r\000\040\000f\000o\000r\000\040\000e\000n\000d\000e\000l\000i\000g\000e\000\040\000e\000k\000s\000p\000e\000r\000i\000m\000e\000n\000t}{subsection.110}% 30
\BOOKMARK [2][-]{subsection.131}{\376\377\000E\000n\000d\000e\000l\000i\000g\000e\000\040\000e\000k\000s\000p\000e\000r\000i\000m\000e\000n\000t}{section.109}% 31
\BOOKMARK [3][-]{subsubsection.132}{\376\377\000E\000n\000d\000e\000l\000i\000g\000e\000\040\000e\000k\000s\000p\000e\000r\000i\000m\000e\000n\000t\000\040\000f\000o\000r\000\040\000P\000I\000N\000N\000\137\000z}{subsection.131}% 32
\BOOKMARK [3][-]{subsubsection.137}{\376\377\000E\000n\000d\000e\000l\000i\000g\000e\000\040\000e\000k\000s\000p\000e\000r\000i\000m\000e\000n\000t\000\040\000f\000o\000r\000\040\000P\000I\000N\000N}{subsection.131}% 33
\BOOKMARK [1][-]{section.141}{\376\377\000K\000o\000n\000k\000l\000u\000s\000i\000o\000n}{}% 34
\BOOKMARK [1][-]{section*.147}{\376\377\000F\000i\000g\000u\000r\000l\000i\000s\000t\000e}{}% 35
\BOOKMARK [1][-]{section*.148}{\376\377\000T\000a\000b\000e\000l\000l\000i\000s\000t\000e}{}% 36
\BOOKMARK [1][-]{section*.149}{\376\377\000N\000o\000m\000e\000n\000k\000l\000a\000t\000u\000r}{}% 37
\BOOKMARK [1][-]{section*.150}{\376\377\000R\000e\000f\000e\000r\000e\000n\000c\000e\000r}{}% 38
\BOOKMARK [1][-]{section.151}{\376\377\000A\000p\000p\000e\000n\000d\000i\000x\000\040\000A}{}% 39
\BOOKMARK [1][-]{section.158}{\376\377\000A\000p\000p\000e\000n\000d\000i\000x\000\040\000B}{}% 40
\BOOKMARK [2][-]{subsection.159}{\376\377\000A\000n\000v\000e\000n\000d\000e\000l\000s\000e\000\040\000a\000f\000\040\000B\000o\000l\000t\000z\000m\000a\000n\000n\000\040\000l\000i\000g\000n\000i\000n\000g}{section.158}% 41
