wandb: [wandb.login()] Loaded credentials for https://api.wandb.ai from WANDB_API_KEY.
wandb: Currently logged in as: bantoft (bantoft-) to https://api.wandb.ai. Use `wandb login --relogin` to force relogin
wandb: Tracking run with wandb version 0.26.0
wandb: Run data is saved locally in /zhome/bf/5/186685/Andreas/Bachelorprojekt/wandb/run-20260427_105748-tm6c5b7a
wandb: Run `wandb offline` to turn off syncing.
wandb: Syncing run fluent-grass-42
wandb: ⭐️ View project at https://wandb.ai/bantoft-/Bachelor_projekt
wandb: 🚀 View run at https://wandb.ai/bantoft-/Bachelor_projekt/runs/tm6c5b7a
socket.send() raised exception.
Traceback (most recent call last):
  File "/zhome/bf/5/186685/Andreas/Bachelorprojekt/SciML/træning.py", line 113, in train
    losses = _training_step(
             ^^^^^^^^^^^^^^^
  File "/zhome/bf/5/186685/Andreas/Bachelorprojekt/SciML/utils/training_helpers.py", line 110, in _training_step
    loss_eq = physics.eq_loss(model, x_eq, z_eq, t_eq)
              ^^^^^^^^^^^^^^^^^^^^^^^^^^^^^^^^^^^^^^^^
  File "/zhome/bf/5/186685/Andreas/Bachelorprojekt/SciML/loss_funktion/bout_phys.py", line 317, in eq_loss
    return mse_dict(self.equation_terms(model, x=x, z=z, t=t)["residuals"])
                    ^^^^^^^^^^^^^^^^^^^^^^^^^^^^^^^^^^^^^^^^^
  File "/zhome/bf/5/186685/Andreas/Bachelorprojekt/SciML/loss_funktion/bout_phys.py", line 149, in equation_terms
    "vort": params.norm_eta * laplacian_perp(vort, x, z, params.total_x, params.total_z),
                              ^^^^^^^^^^^^^^^^^^^^^^^^^^^^^^^^^^^^^^^^^^^^^^^^^^^^^^^^^^
  File "/zhome/bf/5/186685/Andreas/Bachelorprojekt/SciML/loss_funktion/api/operators.py", line 46, in laplacian_perp
    return d2dx2(f, x, x_scale) + d2dz2(f, z, z_scale)
                                  ^^^^^^^^^^^^^^^^^^^^
  File "/zhome/bf/5/186685/Andreas/Bachelorprojekt/SciML/loss_funktion/api/operators.py", line 38, in d2dz2
    return grad_z(grad_z(f, z, z_scale), z, z_scale)
           ^^^^^^^^^^^^^^^^^^^^^^^^^^^^^^^^^^^^^^^^^
  File "/zhome/bf/5/186685/Andreas/Bachelorprojekt/SciML/loss_funktion/api/operators.py", line 26, in grad_z
    return grad(f, z, scale=z_scale)
           ^^^^^^^^^^^^^^^^^^^^^^^^^
  File "/zhome/bf/5/186685/Andreas/Bachelorprojekt/SciML/loss_funktion/api/operators.py", line 10, in grad
    raw = torch.autograd.grad(
          ^^^^^^^^^^^^^^^^^^^^
  File "/zhome/bf/5/186685/Andreas/Bachelorprojekt/.venv/lib/python3.12/site-packages/torch/autograd/__init__.py", line 532, in grad
    result = _engine_run_backward(
             ^^^^^^^^^^^^^^^^^^^^^
  File "/zhome/bf/5/186685/Andreas/Bachelorprojekt/.venv/lib/python3.12/site-packages/torch/autograd/graph.py", line 869, in _engine_run_backward
    return Variable._execution_engine.run_backward(  # Calls into the C++ engine to run the backward pass
           ^^^^^^^^^^^^^^^^^^^^^^^^^^^^^^^^^^^^^^^^^^^^^^^^^^^^^^^^^^^^^^^^^^^^^^^^^^^^^^^^^^^^^^^^^^^^^^
KeyboardInterrupt

During handling of the above exception, another exception occurred:

Traceback (most recent call last):
  File "/zhome/bf/5/186685/Andreas/Bachelorprojekt/SciML/træning.py", line 280, in <module>
    train(config)
  File "/zhome/bf/5/186685/Andreas/Bachelorprojekt/SciML/træning.py", line 235, in train
    run.summary["best_epoch"] = best_epoch
    ~~~~~~~~~~~^^^^^^^^^^^^^^
  File "/zhome/bf/5/186685/Andreas/Bachelorprojekt/.venv/lib/python3.12/site-packages/wandb/sdk/wandb_summary.py", line 52, in __setitem__
    self.update({key: val})
  File "/zhome/bf/5/186685/Andreas/Bachelorprojekt/.venv/lib/python3.12/site-packages/wandb/sdk/wandb_summary.py", line 73, in update
    self._update(record)
  File "/zhome/bf/5/186685/Andreas/Bachelorprojekt/.venv/lib/python3.12/site-packages/wandb/sdk/wandb_summary.py", line 127, in _update
    self._update_callback(record)
  File "/zhome/bf/5/186685/Andreas/Bachelorprojekt/.venv/lib/python3.12/site-packages/wandb/sdk/wandb_run.py", line 399, in wrapper
    return func(self, *args, **kwargs)
           ^^^^^^^^^^^^^^^^^^^^^^^^^^^
  File "/zhome/bf/5/186685/Andreas/Bachelorprojekt/.venv/lib/python3.12/site-packages/wandb/sdk/wandb_run.py", line 457, in wrapper_fn
    return func(self, *args, **kwargs)
           ^^^^^^^^^^^^^^^^^^^^^^^^^^^
  File "/zhome/bf/5/186685/Andreas/Bachelorprojekt/.venv/lib/python3.12/site-packages/wandb/sdk/wandb_run.py", line 1474, in _summary_update_callback
    with telemetry.context(run=self) as tel:
         ^^^^^^^^^^^^^^^^^^^^^^^^^^^
  File "/zhome/bf/5/186685/Andreas/Bachelorprojekt/.venv/lib/python3.12/site-packages/wandb/sdk/lib/telemetry.py", line 45, in __exit__
    self._run._telemetry_callback(self._obj)
  File "/zhome/bf/5/186685/Andreas/Bachelorprojekt/.venv/lib/python3.12/site-packages/wandb/sdk/wandb_run.py", line 751, in _telemetry_callback
    self._telemetry_flush()
  File "/zhome/bf/5/186685/Andreas/Bachelorprojekt/.venv/lib/python3.12/site-packages/wandb/sdk/wandb_run.py", line 764, in _telemetry_flush
    self._backend.interface._publish_telemetry(self._telemetry_obj)
  File "/zhome/bf/5/186685/Andreas/Bachelorprojekt/.venv/lib/python3.12/site-packages/wandb/sdk/interface/interface_shared.py", line 105, in _publish_telemetry
    self._publish(rec)
  File "/zhome/bf/5/186685/Andreas/Bachelorprojekt/.venv/lib/python3.12/site-packages/wandb/sdk/interface/interface_sock.py", line 46, in _publish
    self._asyncer.run(lambda: self._client.publish(request))
  File "/zhome/bf/5/186685/Andreas/Bachelorprojekt/.venv/lib/python3.12/site-packages/wandb/sdk/lib/asyncio_manager.py", line 137, in run
    return future.result()
           ^^^^^^^^^^^^^^^
  File "/zhome/bf/5/186685/.local/share/uv/python/cpython-3.12.13-linux-x86_64-gnu/lib/python3.12/concurrent/futures/_base.py", line 456, in result
    return self.__get_result()
           ^^^^^^^^^^^^^^^^^^^
  File "/zhome/bf/5/186685/.local/share/uv/python/cpython-3.12.13-linux-x86_64-gnu/lib/python3.12/concurrent/futures/_base.py", line 401, in __get_result
    raise self._exception
  File "/zhome/bf/5/186685/Andreas/Bachelorprojekt/.venv/lib/python3.12/site-packages/wandb/sdk/lib/asyncio_manager.py", line 182, in fn_wrap_exceptions
    await fn()
  File "/zhome/bf/5/186685/Andreas/Bachelorprojekt/.venv/lib/python3.12/site-packages/wandb/sdk/lib/service/service_client.py", line 45, in publish
    await self._send_server_request(request)
  File "/zhome/bf/5/186685/Andreas/Bachelorprojekt/.venv/lib/python3.12/site-packages/wandb/sdk/lib/service/service_client.py", line 78, in _send_server_request
    raise self._broken_exc.with_traceback(self._broken_tb)
  File "/zhome/bf/5/186685/Andreas/Bachelorprojekt/.venv/lib/python3.12/site-packages/wandb/sdk/lib/service/service_client.py", line 87, in _send_server_request
    await self._drain_writer()
  File "/zhome/bf/5/186685/Andreas/Bachelorprojekt/.venv/lib/python3.12/site-packages/wandb/sdk/lib/service/service_client.py", line 96, in _drain_writer
    await self._writer.drain()
  File "/zhome/bf/5/186685/.local/share/uv/python/cpython-3.12.13-linux-x86_64-gnu/lib/python3.12/asyncio/streams.py", line 392, in drain
    await self._protocol._drain_helper()
  File "/zhome/bf/5/186685/.local/share/uv/python/cpython-3.12.13-linux-x86_64-gnu/lib/python3.12/asyncio/streams.py", line 166, in _drain_helper
    raise ConnectionResetError('Connection lost')
ConnectionResetError: Connection lost
Exception ignored in atexit callback: <function _start_and_connect_service.<locals>.teardown_atexit at 0x7f472d463060>
Traceback (most recent call last):
  File "/zhome/bf/5/186685/Andreas/Bachelorprojekt/.venv/lib/python3.12/site-packages/wandb/sdk/lib/service/service_connection.py", line 73, in teardown_atexit
    conn.teardown(hooks.exit_code)
  File "/zhome/bf/5/186685/Andreas/Bachelorprojekt/.venv/lib/python3.12/site-packages/wandb/sdk/lib/service/service_connection.py", line 353, in teardown
    self._asyncer.run(publish_teardown_and_close)
  File "/zhome/bf/5/186685/Andreas/Bachelorprojekt/.venv/lib/python3.12/site-packages/wandb/sdk/lib/asyncio_manager.py", line 137, in run
    return future.result()
           ^^^^^^^^^^^^^^^
  File "/zhome/bf/5/186685/.local/share/uv/python/cpython-3.12.13-linux-x86_64-gnu/lib/python3.12/concurrent/futures/_base.py", line 456, in result
    return self.__get_result()
           ^^^^^^^^^^^^^^^^^^^
  File "/zhome/bf/5/186685/.local/share/uv/python/cpython-3.12.13-linux-x86_64-gnu/lib/python3.12/concurrent/futures/_base.py", line 401, in __get_result
    raise self._exception
  File "/zhome/bf/5/186685/Andreas/Bachelorprojekt/.venv/lib/python3.12/site-packages/wandb/sdk/lib/asyncio_manager.py", line 223, in _wrap
    return await fn()
           ^^^^^^^^^^
  File "/zhome/bf/5/186685/Andreas/Bachelorprojekt/.venv/lib/python3.12/site-packages/wandb/sdk/lib/service/service_connection.py", line 344, in publish_teardown_and_close
    await self._client.publish(
  File "/zhome/bf/5/186685/Andreas/Bachelorprojekt/.venv/lib/python3.12/site-packages/wandb/sdk/lib/service/service_client.py", line 45, in publish
    await self._send_server_request(request)
  File "/zhome/bf/5/186685/Andreas/Bachelorprojekt/.venv/lib/python3.12/site-packages/wandb/sdk/lib/service/service_client.py", line 78, in _send_server_request
    raise self._broken_exc.with_traceback(self._broken_tb)
  File "/zhome/bf/5/186685/Andreas/Bachelorprojekt/.venv/lib/python3.12/site-packages/wandb/sdk/lib/service/service_client.py", line 87, in _send_server_request
    await self._drain_writer()
  File "/zhome/bf/5/186685/Andreas/Bachelorprojekt/.venv/lib/python3.12/site-packages/wandb/sdk/lib/service/service_client.py", line 96, in _drain_writer
    await self._writer.drain()
  File "/zhome/bf/5/186685/.local/share/uv/python/cpython-3.12.13-linux-x86_64-gnu/lib/python3.12/asyncio/streams.py", line 392, in drain
    await self._protocol._drain_helper()
  File "/zhome/bf/5/186685/.local/share/uv/python/cpython-3.12.13-linux-x86_64-gnu/lib/python3.12/asyncio/streams.py", line 166, in _drain_helper
    raise ConnectionResetError('Connection lost')
ConnectionResetError: Connection lost
Terminated
